DISPATCH 390extended-vulcan-surface forge-vulcan-390extended-vulcan-surface-20260904T045137 2026-09-04T04:51:37Z
forge agent: detected parent timeout 3200s; capping OpenClaw timeout to 3000s and wrapper timeout to 3180s so session recovery can run
I'll start by reading the contract and campaign record, then trace the implementation.

**Vulcan — S20-390 extended semantic profile, bounded surface review**

Read-only pass at `9dc78fe`. No cargo, no make, no writes. 13 targeted reads/searches.

---

## status

`FAIL` — no P0, but four P1 items must land as contract/evidence revisions before freeze. The *code* is sound; the *contract and tracked evidence* are not.

## Direct answers to the two named questions

**1. Is a rejection vector for an unknown metadata triple needed beyond unit coverage? Yes.**

Both implementations hardcode the accepted set independently — `crates/sley-txn/src/codec.rs:702-705` (`!= restricted_v1() && != extended_operations_v1()` → `TXN_FIELD_SHAPE`) and `oracle/scb1/src/sley2_scb1_oracle/transaction_receipt.py:353` (`if metadata not in ([1,1,1], [1,2,1])`). `conformance/transaction-receipt/v1/rejected.json` contains only `SCB_DIGEST_MISMATCH`, `SCB_LENGTH_OVERFLOW`, `SCB_MAGIC_INVALID`, `SCB_TRAILING_BYTES`, `TXN_OBJECT_INVENTORY_MISMATCH`. Nothing exercises the closed triple. ADR-0045 decision 5 rests its confidence on "an implementation that shares no code with the Rust one" — but the corpus proves agreement only on *acceptance* (`ORDINARY_EXTENDED`), never on *rejection*. A drifting oracle that widened its tuple set to `[1,3,1]` would pass every tracked vector. Need at least `[1,3,1]`, and ideally `[2,1,1]` and `[1,1,2]`, as `TXN_FIELD_SHAPE` vectors.

**2. Can any receipt now state a profile the transaction did not run under? Not at `9dc78fe` — but only by accident of there being one validation profile.**

Ordinary commit derives the value at `repository.rs:1902` from `plan.proposed_state().entities()`, i.e. the exact state `validate_candidate_bytes` just judged. There is a single profile (`full_validation_profile_id()`, `crates/sley-policy/src/candidate_result.rs:1110`), and it runs the E1–E6 analysis. Genesis hardcodes `1` (`repository.rs:1827`), which the ADR justifies correctly. So the claim holds today.

It holds by coincidence, not by construction. `semantic_profile` is derived from a property of the *data*; `validation_profile_id` (tag 12) records what actually ran; nothing binds them. Register a second validation profile that skips operation analysis, and an operation-carrying state still emits profile `2` — a receipt asserting an analysis that did not run, with no check anywhere to catch it. That dependency is unwritten and would be frozen unwritten.

## findings

**P1-1 — the contract contradicts itself on the acceptance boundary.** `docs/spec/TRANSACTION_MODEL_V1.md:14-19` still reads "The current conformance profile accepts only executable programs containing no semantic operation entities." Lines 159-171 of the same file say the opposite. Freezing ships a document whose Authority boundary section negates its Commit metadata section.

**P1-2 — the tracked closeout cites artifacts that do not exist.** `docs/audits/S20_390_ATOMIC_COMMIT_CLOSEOUT.md:11-12` states the closed claim as operation-free; `:143-158` asserts in present tense that "`commit` therefore refuses a validated candidate whose proposed state contains an `Operation` entity with `TXN_SEMANTIC_PROFILE_UNSUPPORTED` (39023)" and names test `commit_refuses_an_operation_carrying_program_until_the_receipt_can_name_it`. Grep across `crates/`, `docs/`, `oracle/`: code `39023` appears *only* in that audit line; the test does not exist. Both were removed by revision 2 and the narrative was left standing with an addendum bolted below it. This is the freeze's evidence document.

**P1-3 — no tracked rejection vector for an unknown triple.** As above.

**P1-4 — `semantic_profile` is not bound to `validation_profile_id`.** The contract must state the invariant: profile `2` may only be emitted under a validation profile that performs the S20-360 E1–E6 analysis, and a future profile that skips it must not reach this selection path.

**P2-1 — duplicated entity kind tag.** `repository.rs:17` defines `OPERATION_ENTITY_KIND_TAG: u16 = 8` as a local literal. The authority is `crates/sley-mutate/src/generated.rs` (`kind_tag: 8, kind_name: "Operation"`), which `sley-txn` already depends on. Any schema regeneration that shifts the tag silently misclassifies every receipt's semantic profile — wrong evidence, no error, no failing test. Resolve from the registry or add a static assertion.

**P2-2 — value `1`'s published meaning changed without a migration note.** Bytes are unchanged and the ADR's reasoning is honest, but the *published* wording went from "executable-program-operation-free" to "no operation analysis ran". A consumer holding the earlier text will misread a genesis receipt whose object set carries operations. The contract should record the interpretation change explicitly rather than assert "every earlier receipt therefore still says exactly what it said," which is true of intent and false of the frozen prose.

**P2-3 — whole-state derivation is unstated.** `carries_operations` inspects the entire proposed state, including inherited entities. An edit unrelated to any operation, in a workspace that already holds one, commits under `2`. That is correct given whole-program validation, but the rule is nowhere in the contract.

**P3-1 —** `TRANSACTION_MODEL_V1.md:172`: the `durability_profile` table row is orphaned below the revision-2 prose paragraphs, so the "fixed three-field record" renders as two rows plus a stray fragment.

**P3-2 —** `ADR-0045:16` has one unwrapped overlong line against the file's own wrap width.

## validation

Static read only. Confirmed: closed-triple enforcement in both implementations; `TransactionKind::from_tag` fail-closed; `validate_receipt_record` cross-checks `durability_profile` between receipt tag 9 and metadata tag 3 (`codec.rs:588`); `SHA256SUMS` covers both corpus files; genesis path hardcodes `restricted_v1()`. Not run: cargo, make, the oracle, vector regeneration — all out of bounds per the request.

## blockers

The campaign record at `machineresearch/sley-2.0/s20-390-extended-semantic-profile-campaign-2026-09-03.md` does not exist. `machineresearch/sley-2.0/` contains only `council-queue/`, holding the three `390extended-*` request and log files. I could not read its open questions and did not answer them; I answered the two questions stated in the request itself. If that record lives elsewhere, requeue with the real path.

## return_to

Ariadne for the contract revisions (P1-1, P1-4, P2-2, P2-3, P3-1), Merlin for P2-1 and the P1-3 vectors, whoever owns `docs/audits/` for P1-2.

S20_390EXTENDED_SURFACE_REVIEW_JSON={"reviewer":"vulcan","result":"FAIL","p0":[],"p1":["TRANSACTION_MODEL_V1.md:14-19 still states the profile accepts only operation-free programs, contradicting revision 2 at lines 159-171","S20_390_ATOMIC_COMMIT_CLOSEOUT.md:11-12 and 143-158 assert a present-tense refusal and cite TXN_SEMANTIC_PROFILE_UNSUPPORTED (39023) and a test, neither of which exists at 9dc78fe","conformance/transaction-receipt/v1/rejected.json has no TXN_FIELD_SHAPE vector for an unknown metadata triple, so the closed-triple boundary is never proven across the Rust and Python implementations","semantic_profile is derived from proposed-state entities and is not bound to validation_profile_id; the invariant that profile 2 requires a validation profile running the E1-E6 analysis is unwritten"],"p2":["repository.rs:17 duplicates OPERATION_ENTITY_KIND_TAG = 8 as a local literal instead of resolving it from the sley-mutate generated schema registry","the published meaning of semantic profile 1 changed from operation-free to no-analysis-ran with no migration note for consumers holding the earlier wording","the contract does not state that the profile is derived from the whole proposed state including inherited entities"],"p3":["TRANSACTION_MODEL_V1.md:172 durability_profile table row is orphaned below the revision-2 prose, breaking the three-field record table","ADR-0045:16 has one unwrapped overlong line"],"notes":"Code is sound at 9dc78fe; contract and tracked evidence are not. No receipt can currently misstate its profile, but only because a single validation profile exists. Campaign record path does not exist; its open questions were not read."}
EXIT=0 2026-09-04T04:55:05Z
