DISPATCH 630-ariadne-contract forge-ariadne-630-ariadne-contract-20260904T065315 2026-09-04T06:53:15Z
forge agent: detected parent timeout 3200s; capping OpenClaw timeout to 3000s and wrapper timeout to 3180s so session recovery can run
I'll start by reading the contract and its immediate supporting artifacts.

## status
`FAIL` — the draft is not freeze-ready. Two contract clauses (§9 bullets 4 and 5) canonize behavior that produces a wrong verdict or silently discards evidence. The derivation core (exact arithmetic, every-attempt counting, chain verification, fail-closed staging) is sound and worth freezing once revised.

## findings

**P0 — blocks freeze**

1. **`other_context_metric_max_regression_percent` never evaluates its own predicate.** `report.py:309-312` copies the §22.2 threshold's result, and contract §9 bullet 4 mandates it. The existing test's `cheaper` arm (`test_report.py:224-227`) has 0% regression on both context metrics and the row is emitted `FAIL`. Freezing this writes a false §22.2 verdict into the dossier. Revision: evaluate the cap against the actual regression of whichever metric did not carry the threshold, with its exact ratio as the fact.
2. **The legacy arm is frozen as permanently absent.** §9 bullet 5 says the legacy arm "is always `NO_CLAIM_CHAIN`", and `_arm_claims` (`report.py:344`) hardcodes `return None`. Once S20-600 produces a chain, a present, valid legacy chain is silently ignored and every threshold stays `UNDETERMINED` with no failure code. Revision: express it as "until S20-600 supplies a verifier"; record the verifier used per arm; fail closed (`ACCOUNTING_CHAIN_INVALID`) when a chain is present for an arm with no verifier.

**P1 — must fix before freeze**

3. **Threshold coverage is not structural.** The `UNDETERMINED` path iterates `plan["thresholds"]`; the PASS/FAIL path emits a hardcoded set of ten. A new plan threshold silently vanishes from complete reports. Assert `set(results) == set(plan["thresholds"])` → `ACCOUNTING_METRIC_INVALID`.
4. **Two threshold rows ignore their plan values and their denominators.** `invalid_candidates_leave_state_unchanged_percent` and `stale_preconditions_rejected_percent` are evaluated as `invalid_committed_states == 0` / `stale_candidates_incorrectly_accepted == 0` (`report.py:324-325`), never reading the plan's `100` and never computing the ratio over `invalid_candidates` / `stale_candidates`. Four rows, two facts; a plan change to 95 would be silently unfaithful.
5. **Seven of the plan's 25 metrics are dropped.** Claims carry all 25 (`bench/sley2/runner.py:880`), but `SUM_METRICS`/`MEDIAN_METRICS` omit `entities_inspected`, `relationships_inspected`, `files_inspected`, `peak_memory`, `canonical_storage_bytes`, `pack_bytes`, `execution_latency` — all named under master goal §21.4 "report at minimum", and nothing else aggregates them per arm.
6. **§22 conditions neither evaluated nor excluded.** `collateral_semantic_changes` is summed but §22.4's "no worse than 1.2.0, strictly lower in at least one multi-entity class" is never evaluated; likewise §22.1's "no required effect or capability check is bypassed" and §22.4's reconstructability. §8 does not exclude them, so an all-`PASS` report reads as §22 satisfied. Name them out of scope with the owning package, and forbid that reading in §5.
7. **`every_attempt_in_denominator: true` is a literal, not an invariant.** The arithmetic is in fact structural (one status increment and one series append per claim), but the published flag can never be false. Derive it: status counts, every median series length, and the `by_task`/`by_class` attempted sums must all equal `attempted == claims`, else `ACCOUNTING_INTERNAL_INVARIANT`.
8. **Medians are taken over every attempt, including timeouts and harness failures — the contract never says so.** §21.6 demands it for denominators; for `context_bytes`, `repair_loops`, and `wall_time` medians a reader will assume completed trials. State it, and state that it is deliberate.
9. **A report over scripted claims is indistinguishable from one over real trials.** `evidence_status` is a constant that `verify_report` checks against itself; no arm carries the plan's `fixture_status` (`PENDING` for `raw_files` and `sley_2_0`), and threshold rows carry no evidence status, so a row lifted out of the report reads as a result. Carry `fixture_status` per arm and the inherited status per threshold row.
10. **§7's retained runtime evidence does not exist at the pinned commit.** `.gitignore:6` ignores `/evidence/runtime/`; `evidence/runtime/s20-630-accounting-smoke/` is absent at `9dc78fe`, and the report digest is recorded in no tracked artifact, while the closeout and `machine-summary.json` `smoke_evidence` point at it. Either track the artifact or restate §7 as regenerable with the digest recorded in the closeout.

**P2 — fix before completion**

11. Regression cap is silently satisfied when the other metric's reduction is `None` (`report.py:302-303`); make it a named null, not a pass.
12. `accepted_changes_increase` is `null` when the legacy arm accepted nothing, so unbounded improvement reads as unavailable; give it a reason, and record the manifest's `action_budget` as the row's fact (comparing counts directly is correct **only** because `action_budget` is a single frozen run-freeze field shared by arms — say so, and fail closed if per-arm budgets ever appear).
13. Failure rate is never defined in the contract (`1 - strict_correctness`) and the perfect-legacy `before == 0` case is unnamed.
14. Vacuous `PASS` when `invalid_candidates` or `stale_candidates` is zero; per §2 that is a zero denominator and belongs as a named null.
15. Report `status: COMPLETE` requires `raw_files` complete while thresholds need only legacy + Sley 2; the asymmetry is unstated and `--require-complete` inherits it.
16. No display projection for exact ratios. The dossier will need decimals and, unspecified, will reinvent them with floats — name a rendering rule marked display-only.
17. **Campaign Q1 (critical classes):** keep all-classes-critical as a deliberate strengthening — it is the safe direction — but it can `FAIL` succession on a class §22.1 never meant to gate. Add an explicit `critical` flag to the corpus and have the report record `critical_class_selection`.
18. **Campaign Q3 (per-seed):** yes, but not here — exclude it explicitly in §8 with the S20-640 pointer. A median with no dispersion hides a bimodal arm over 15 tasks × N seeds.
19. **Legacy chain producer:** it does **not** block freeze — `NO_CLAIM_CHAIN` → `UNDETERMINED` is the correct handling and is exercised. It **does** block S20-630 completion: every threshold is structurally `UNDETERMINED`, and the PASS/FAIL paths are exercised only by synthetic arms. `S20_630_COMPLETE` must not claim threshold-evaluation capability.

**P3 — editorial**

20. `claims` duplicates `attempted`; the smoke's `every_attempt_counted` check is tautological.
21. §4's "(and `raw_files` where the plan names it)" is unimplemented — the plan names no `raw_files` threshold.
22. `_require_int` detects floats via `type(value).__name__` rather than `isinstance(value, float)`.
23. "equal accepted correctness" should be stated as equal `strict_correctness` ratios (equivalent to equal counts only because both arms are `COMPLETE` over the same product).
24. §1 says "integer metrics" while claims carry a boolean `strict_accepted_correctness` and a null `accepted_change_tokens`.
25. The plan's `critical_class_correctness_not_lower_than_legacy: true` is never read.
26. ADR-0037's "No number in the report can be misread as a result" overstates what the structure guarantees (see 9).
27. Record `benchmark_plan_digest` and `corpus_digest` in the report so verdicts are self-describing without the run directory.

**Confirmed sound, freeze as drafted:** exact `Fraction` arithmetic with inclusive `>=` and no float construction; ACT as §21.5 with the null reason and no ACT-alone ranking; `attempted = len(claims)` with timeouts and harness failures in every denominator; `COMPLETE` bound to the manifest's full task × seed product; plan and corpus bound to the manifest by digest via `validate_run_manifest`, so drift fails as `ACCOUNTING_RUN_INVALID`; the stage checker's gate on all three Council reviews before `S20_630_COMPLETE`.

## validation
Read-only inspection at `9dc78fe` in the pinned worktree. No cargo, no smokes, no repository modification. Evidence: contract, ADR-0037, `report.py`, `test_report.py`, `check_succession_accounting.py`, `benchmark-plan.json`, `machine-summary.json`, the campaign record and closeout, master goal §21.4-21.7 and §22.1-22.4, plus `bench/raw/runner.py` and `bench/sley2/runner.py` for the composed verifiers. Tier: review only, no tier executed.

## blockers
`evidence/runtime/s20-630-accounting-smoke/{evidence.json,report.json}` could not be read — the path is gitignored and absent at the pinned commit (finding 10). Smoke behavior was assessed from `smoke()` and the Makefile target instead.

## return_to
Orchestrator. Findings 1-2 land as contract revisions before freeze; 3-10 before freeze; 11-19 before S20-630 completion. Nabu owns whether §22.4 collateral and §22.1 bypass belong in this package or a sibling.

S20_630_CONTRACT_REVIEW_JSON={"reviewer":"ariadne","result":"FAIL","p0":["other_context_metric_max_regression_percent mirrors the context threshold result instead of evaluating the regression cap; contract 9.4 freezes it; existing test case shows 0 percent regression emitted as FAIL","contract 9.5 and _arm_claims freeze the legacy arm as always NO_CLAIM_CHAIN; a real S20-600 chain would be silently ignored with no failure code"],"p1":["PASS/FAIL path emits a hardcoded threshold set; no assertion that report threshold names equal plan threshold names","invalid_candidates_leave_state_unchanged_percent and stale_preconditions_rejected_percent ignore the plan value 100 and never compute their ratio; they duplicate two other rows","report drops 7 of the plan's 25 metrics required by master goal 21.4: entities_inspected, relationships_inspected, files_inspected, peak_memory, canonical_storage_bytes, pack_bytes, execution_latency","22.4 collateral semantic changes, 22.4 reconstructability and 22.1 bypass check are neither evaluated nor excluded; an all-PASS report can read as section 22 satisfied","every_attempt_in_denominator is a hardcoded literal, not a derived invariant with an INTERNAL_INVARIANT cross-check","medians are computed over every attempt including timeouts and harness failures and the contract never states it","report carries no arm fixture_status and no per-row evidence status, so a report over scripted claims is indistinguishable from a real-trial result","section 7 requires retained runtime smoke evidence but evidence/runtime is gitignored and absent at 9dc78fe with no digest in any tracked artifact"],"p2":["regression cap silently satisfied when the other metric reduction is None","accepted-change increase null when legacy accepted zero; report must carry the manifest action_budget and fail closed on per-arm budgets","failure rate not defined as 1 minus strict correctness and the perfect-legacy zero-denominator case unnamed","vacuous PASS when invalid_candidates or stale_candidates is zero; should be a named null","report status COMPLETE requires raw_files while thresholds need only legacy and sley2; asymmetry unstated","no display projection for exact ratios; downstream will reintroduce floats","keep all-classes-critical but add an explicit critical flag to the corpus and record critical_class_selection in the report","exclude per-seed and dispersion accounting explicitly in section 8 with the S20-640 pointer","legacy chain producer does not block freeze but blocks S20-630 completion; PASS/FAIL paths are exercised only by synthetic arms"],"p3":["claims duplicates attempted and the smoke every_attempt_counted check is tautological","section 4 parenthetical about raw_files thresholds is unimplemented","_require_int detects floats via type name instead of isinstance","equal accepted correctness should be stated as equal strict_correctness ratios","section 1 says integer metrics while claims carry a boolean and a null","plan value critical_class_correctness_not_lower_than_legacy is never read","ADR-0037 consequence about no number being misreadable overstates the guarantee","record benchmark_plan_digest and corpus_digest in the report"],"notes":"Derivation core is sound and freeze-worthy: exact rational arithmetic, every-attempt denominators, ACT per 21.5, manifest-bound plan and corpus, review-gated completion. Two P0 contract clauses must be revised first."}
EXIT=0 2026-09-04T06:58:16Z
