phase1 valid: True identities: [{'entity': '154539cbefb93a47bd75cfb4fc38b6e33cdac94e8e8ce9ec0a0e27fdcc8c9d41', 'ordinal': 0}]
phase2 valid: True identities: [{'entity': '154539cbefb93a47bd75cfb4fc38b6e33cdac94e8e8ce9ec0a0e27fdcc8c9d41', 'ordinal': 0}, {'entity': 'e3899ac35f3fda70dda609a25a9f1de543f5baeed70a858c5ce5efef43fe69e7', 'ordinal': 1}]
compose valid: True body: 534c45594352533101b7030d01010102207ecf3f17fd3ab440e6865a99a107832139244a6f98a63af7e29c43ddf4e3421e0302000004207d8ffff97a3fdafc49b4329d47b0b12f04759c3124274024016483a263265d5405200df5e41f3e009ac0791c32
finish: {"command": ["finish"], "outcome": "completed", "report": {"finished": true, "sha256": "3a11461f95c4145ff1f944ce6044c28ced32a825a2c47ac5183e68f13674b193"}, "ret
S2B-TYPE-001 exit: 0
{"arm": "sley2", "code": null, "detail": "all flows held", "status": "accepted", "task_id": "S2B-TYPE-001"}
Traceback (most recent call last):
  File "/tmp/opencode/trial_type.py", line 104, in <module>
    main()
    ~~~~^^
  File "/tmp/opencode/trial_type.py", line 101, in main
    shutil.copytree(ws, Path("/tmp/opencode/type_ws_kept"), dirs_exist_ok=True)
    ~~~~~~~~~~~~~~~^^^^^^^^^^^^^^^^^^^^^^^^^^^^^^^^^^^^^^^^^^^^^^^^^^^^^^^^^^^^
  File "/usr/lib/python3.14/shutil.py", line 654, in copytree
    return _copytree(entries=entries, src=src, dst=dst, symlinks=symlinks,
                     ignore=ignore, copy_function=copy_function,
                     ignore_dangling_symlinks=ignore_dangling_symlinks,
                     dirs_exist_ok=dirs_exist_ok)
  File "/usr/lib/python3.14/shutil.py", line 608, in _copytree
    raise Error(errors)
shutil.Error: [('/tmp/tmps0a0iluy/ws/.sley-live/sley-tool', '/tmp/opencode/type_ws_kept/.sley-live/sley-tool', "[Errno 13] Permission denied: '/tmp/opencode/type_ws_kept/.sley-live/sley-tool'"), ('/tmp/tmps0a0iluy/ws/.sley-live/TOOLING.md', '/tmp/opencode/type_ws_kept/.sley-live/TOOLING.md', "[Errno 13] Permission denied: '/tmp/opencode/type_ws_kept/.sley-live/TOOLING.md'")]
